Loading db file '/home/mariagrazia.graziano/do/libnangate/NangateOpenCellLibrary_typical_ecsm.db'
Information: Propagating switching activity (low effort zero delay simulation). (PWR-6)
Warning: Design has unannotated primary inputs. (PWR-414)
Warning: Design has unannotated sequential cell outputs. (PWR-415)
 
****************************************
Report : power
        -analysis_effort low
Design : dlx
Version: S-2021.06-SP4
Date   : Sun Jul  9 17:49:53 2023
****************************************


Library(s) Used:

    NangateOpenCellLibrary (File: /home/mariagrazia.graziano/do/libnangate/NangateOpenCellLibrary_typical_ecsm.db)


Operating Conditions: typical   Library: NangateOpenCellLibrary
Wire Load Model Mode: top

Design        Wire Load Model            Library
------------------------------------------------
dlx                    5K_hvratio_1_4    NangateOpenCellLibrary


Global Operating Voltage = 1.1  
Power-specific unit information :
    Voltage Units = 1V
    Capacitance Units = 1.000000ff
    Time Units = 1ns
    Dynamic Power Units = 1uW    (derived from V,C,T units)
    Leakage Power Units = 1nW


  Cell Internal Power  =   2.0084 mW    (1%)
  Net Switching Power  = 173.1336 mW   (99%)
                         ---------
Total Dynamic Power    = 175.1420 mW  (100%)

Cell Leakage Power     = 395.7042 uW


                 Internal         Switching           Leakage            Total
Power Group      Power            Power               Power              Power   (   %    )  Attrs
--------------------------------------------------------------------------------------------------
io_pad             0.0000            0.0000            0.0000            0.0000  (   0.00%)
memory             0.0000            0.0000            0.0000            0.0000  (   0.00%)
black_box          0.0000            0.0000            0.0000            0.0000  (   0.00%)
clock_network    172.7068        1.7301e+05           28.7064        1.7318e+05  (  98.66%)
register       1.7912e+03            8.1986        1.4242e+05        1.9418e+03  (   1.11%)
sequential     1.7210e-02        7.2383e-04        3.9772e+03            3.9952  (   0.00%)
combinational     44.4411          115.3323        2.4928e+05          409.0535  (   0.23%)
--------------------------------------------------------------------------------------------------
Total          2.0083e+03 uW     1.7313e+05 uW     3.9570e+05 nW     1.7554e+05 uW
1
